2026-02-14 02:48:08,012 - INFO - Pre-warming knowledge base...
2026-02-14 02:48:08,452 - INFO - Initializing Pinecone vector store...
2026-02-14 02:48:10,355 - INFO - Loading HuggingFace embeddings...
2026-02-14 02:48:10,357 - ERROR - Pinecone init failed: 1 validation error for HuggingFaceEndpointEmbeddings
timeout
  Extra inputs are not permitted [type=extra_forbidden, input_value=60, input_type=int]
    For further information visit https://errors.pydantic.dev/2.11/v/extra_forbidden
2026-02-14 02:48:34,673 - INFO - Pre-warming knowledge base...
2026-02-14 02:48:34,893 - INFO - Initializing Pinecone vector store...
2026-02-14 02:48:36,610 - INFO - Loading HuggingFace embeddings...
2026-02-14 02:48:36,610 - ERROR - Pinecone init failed: 1 validation error for HuggingFaceEndpointEmbeddings
timeout
  Extra inputs are not permitted [type=extra_forbidden, input_value=60, input_type=int]
    For further information visit https://errors.pydantic.dev/2.11/v/extra_forbidden
2026-02-14 02:49:04,519 - INFO - Pre-warming knowledge base...
2026-02-14 02:49:04,733 - INFO - Initializing Pinecone vector store...
2026-02-14 02:49:06,694 - INFO - Loading HuggingFace embeddings...
2026-02-14 02:49:06,695 - ERROR - Pinecone init failed: 1 validation error for HuggingFaceEndpointEmbeddings
timeout
  Extra inputs are not permitted [type=extra_forbidden, input_value=60, input_type=int]
    For further information visit https://errors.pydantic.dev/2.11/v/extra_forbidden
2026-02-14 02:50:12,677 - INFO - Pre-warming knowledge base...
2026-02-14 02:50:13,006 - INFO - Initializing Pinecone vector store...
2026-02-14 02:50:14,780 - INFO - Loading HuggingFace embeddings...
2026-02-14 02:50:14,780 - ERROR - Pinecone init failed: 1 validation error for HuggingFaceEndpointEmbeddings
timeout
  Extra inputs are not permitted [type=extra_forbidden, input_value=60, input_type=int]
    For further information visit https://errors.pydantic.dev/2.11/v/extra_forbidden
2026-02-14 02:50:36,541 - INFO - Pre-warming knowledge base...
2026-02-14 02:50:36,778 - INFO - Initializing Pinecone vector store...
2026-02-14 02:50:38,880 - INFO - Loading HuggingFace embeddings...
2026-02-14 02:50:38,880 - ERROR - Pinecone init failed: 1 validation error for HuggingFaceEndpointEmbeddings
timeout
  Extra inputs are not permitted [type=extra_forbidden, input_value=60, input_type=int]
    For further information visit https://errors.pydantic.dev/2.11/v/extra_forbidden
2026-02-14 02:51:05,875 - INFO - Pre-warming knowledge base...
2026-02-14 02:51:06,170 - INFO - Initializing Pinecone vector store...
2026-02-14 02:51:08,546 - INFO - Loading HuggingFace embeddings...
2026-02-14 02:51:08,546 - ERROR - Pinecone init failed: 1 validation error for HuggingFaceEndpointEmbeddings
timeout
  Extra inputs are not permitted [type=extra_forbidden, input_value=60, input_type=int]
    For further information visit https://errors.pydantic.dev/2.11/v/extra_forbidden
2026-02-14 02:51:13,990 - INFO - Pre-warming knowledge base...
2026-02-14 02:51:14,274 - INFO - Initializing Pinecone vector store...
2026-02-14 02:51:16,311 - INFO - Loading HuggingFace embeddings...
2026-02-14 02:51:16,311 - ERROR - Pinecone init failed: 1 validation error for HuggingFaceEndpointEmbeddings
timeout
  Extra inputs are not permitted [type=extra_forbidden, input_value=60, input_type=int]
    For further information visit https://errors.pydantic.dev/2.11/v/extra_forbidden
2026-02-14 02:52:10,662 - INFO - Pre-warming knowledge base...
2026-02-14 02:52:11,141 - INFO - Initializing Pinecone vector store...
2026-02-14 02:52:12,984 - INFO - Pre-warming knowledge base...
2026-02-14 02:52:13,010 - INFO - Loading HuggingFace embeddings...
2026-02-14 02:52:13,010 - ERROR - Pinecone init failed: 1 validation error for HuggingFaceEndpointEmbeddings
timeout
  Extra inputs are not permitted [type=extra_forbidden, input_value=60, input_type=int]
    For further information visit https://errors.pydantic.dev/2.11/v/extra_forbidden
2026-02-14 02:52:13,299 - INFO - Initializing Pinecone vector store...
2026-02-14 02:52:14,841 - INFO - Loading HuggingFace embeddings...
2026-02-14 02:52:14,841 - ERROR - Pinecone init failed: 1 validation error for HuggingFaceEndpointEmbeddings
timeout
  Extra inputs are not permitted [type=extra_forbidden, input_value=60, input_type=int]
    For further information visit https://errors.pydantic.dev/2.11/v/extra_forbidden
2026-02-14 02:52:39,085 - INFO - Pre-warming knowledge base...
2026-02-14 02:52:39,610 - INFO - Initializing Pinecone vector store...
2026-02-14 02:52:41,901 - INFO - Loading HuggingFace embeddings...
2026-02-14 02:52:41,902 - ERROR - Pinecone init failed: 1 validation error for HuggingFaceEndpointEmbeddings
timeout
  Extra inputs are not permitted [type=extra_forbidden, input_value=60, input_type=int]
    For further information visit https://errors.pydantic.dev/2.11/v/extra_forbidden
2026-02-14 02:52:52,836 - INFO - Pre-warming knowledge base...
2026-02-14 02:52:53,073 - INFO - Initializing Pinecone vector store...
2026-02-14 02:52:55,092 - INFO - Loading HuggingFace embeddings...
2026-02-14 02:52:55,092 - ERROR - Pinecone init failed: 1 validation error for HuggingFaceEndpointEmbeddings
timeout
  Extra inputs are not permitted [type=extra_forbidden, input_value=60, input_type=int]
    For further information visit https://errors.pydantic.dev/2.11/v/extra_forbidden
2026-02-14 02:53:32,350 - INFO - Pre-warming knowledge base...
2026-02-14 02:53:32,702 - INFO - Initializing Pinecone vector store...
2026-02-14 02:53:34,816 - INFO - Loading HuggingFace embeddings...
2026-02-14 02:53:34,816 - ERROR - Pinecone init failed: 1 validation error for HuggingFaceEndpointEmbeddings
timeout
  Extra inputs are not permitted [type=extra_forbidden, input_value=60, input_type=int]
    For further information visit https://errors.pydantic.dev/2.11/v/extra_forbidden
2026-02-14 02:53:56,805 - INFO - Pre-warming knowledge base...
2026-02-14 02:53:57,073 - INFO - Initializing Pinecone vector store...
2026-02-14 02:53:58,831 - INFO - Loading HuggingFace embeddings...
2026-02-14 02:53:58,832 - ERROR - Pinecone init failed: 1 validation error for HuggingFaceEndpointEmbeddings
timeout
  Extra inputs are not permitted [type=extra_forbidden, input_value=60, input_type=int]
    For further information visit https://errors.pydantic.dev/2.11/v/extra_forbidden
2026-02-14 02:54:22,398 - INFO - Pre-warming knowledge base...
2026-02-14 02:54:22,639 - INFO - Initializing Pinecone vector store...
2026-02-14 02:54:24,476 - INFO - Loading HuggingFace embeddings...
2026-02-14 02:54:24,477 - ERROR - Pinecone init failed: 1 validation error for HuggingFaceEndpointEmbeddings
timeout
  Extra inputs are not permitted [type=extra_forbidden, input_value=60, input_type=int]
    For further information visit https://errors.pydantic.dev/2.11/v/extra_forbidden
2026-02-14 02:55:44,590 - INFO - Pre-warming knowledge base...
2026-02-14 02:55:44,980 - INFO - Initializing Pinecone vector store...
2026-02-14 02:55:46,828 - INFO - Loading HuggingFace embeddings...
2026-02-14 02:55:46,828 - ERROR - Pinecone init failed: 1 validation error for HuggingFaceEndpointEmbeddings
timeout
  Extra inputs are not permitted [type=extra_forbidden, input_value=60, input_type=int]
    For further information visit https://errors.pydantic.dev/2.11/v/extra_forbidden
2026-02-14 03:02:57,965 - INFO - Pre-warming knowledge base...
2026-02-14 03:02:58,308 - INFO - Initializing Pinecone vector store...
2026-02-14 03:02:59,783 - INFO - Loading HuggingFace embeddings...
2026-02-14 03:02:59,783 - ERROR - Pinecone init failed: 1 validation error for HuggingFaceEndpointEmbeddings
timeout
  Extra inputs are not permitted [type=extra_forbidden, input_value=60, input_type=int]
    For further information visit https://errors.pydantic.dev/2.11/v/extra_forbidden
2026-02-14 03:04:25,457 - ERROR - Error in agent execution: Got unsupported early_stopping_method `generate`
2026-02-14 03:05:36,174 - INFO - Pre-warming knowledge base...
2026-02-14 03:05:36,494 - INFO - Initializing Pinecone vector store...
2026-02-14 03:05:38,401 - INFO - Loading HuggingFace embeddings...
2026-02-14 03:05:38,402 - ERROR - Pinecone init failed: 1 validation error for HuggingFaceEndpointEmbeddings
timeout
  Extra inputs are not permitted [type=extra_forbidden, input_value=60, input_type=int]
    For further information visit https://errors.pydantic.dev/2.11/v/extra_forbidden
2026-02-14 03:05:59,691 - INFO - Pre-warming knowledge base...
2026-02-14 03:05:59,927 - INFO - Initializing Pinecone vector store...
2026-02-14 03:06:01,515 - INFO - Loading HuggingFace embeddings...
2026-02-14 03:06:01,516 - ERROR - Pinecone init failed: 1 validation error for HuggingFaceEndpointEmbeddings
timeout
  Extra inputs are not permitted [type=extra_forbidden, input_value=60, input_type=int]
    For further information visit https://errors.pydantic.dev/2.11/v/extra_forbidden
2026-02-14 03:06:13,649 - INFO - Pre-warming knowledge base...
2026-02-14 03:06:13,984 - INFO - Initializing Pinecone vector store...
2026-02-14 03:06:16,124 - INFO - Loading HuggingFace embeddings...
2026-02-14 03:06:16,125 - ERROR - Pinecone init failed: 1 validation error for HuggingFaceEndpointEmbeddings
timeout
  Extra inputs are not permitted [type=extra_forbidden, input_value=60, input_type=int]
    For further information visit https://errors.pydantic.dev/2.11/v/extra_forbidden
2026-02-14 03:06:31,674 - INFO - Pre-warming knowledge base...
2026-02-14 03:06:31,988 - INFO - Initializing Pinecone vector store...
2026-02-14 03:06:34,001 - INFO - Loading HuggingFace embeddings...
2026-02-14 03:06:34,002 - ERROR - Pinecone init failed: 1 validation error for HuggingFaceEndpointEmbeddings
timeout
  Extra inputs are not permitted [type=extra_forbidden, input_value=60, input_type=int]
    For further information visit https://errors.pydantic.dev/2.11/v/extra_forbidden
2026-02-14 03:06:52,953 - INFO - Pre-warming knowledge base...
2026-02-14 03:06:53,460 - INFO - Initializing Pinecone vector store...
2026-02-14 03:06:55,342 - INFO - Loading HuggingFace embeddings...
2026-02-14 03:06:55,345 - ERROR - Pinecone init failed: 1 validation error for HuggingFaceEndpointEmbeddings
timeout
  Extra inputs are not permitted [type=extra_forbidden, input_value=60, input_type=int]
    For further information visit https://errors.pydantic.dev/2.11/v/extra_forbidden
2026-02-14 03:26:09,044 - INFO - Pre-warming knowledge base...
2026-02-14 03:26:09,393 - INFO - Initializing Pinecone vector store...
2026-02-14 03:26:11,339 - INFO - Loading HuggingFace embeddings...
2026-02-14 03:26:11,342 - ERROR - Pinecone init failed: 1 validation error for HuggingFaceEndpointEmbeddings
timeout
  Extra inputs are not permitted [type=extra_forbidden, input_value=60, input_type=int]
    For further information visit https://errors.pydantic.dev/2.11/v/extra_forbidden
2026-02-14 03:30:07,422 - INFO - Pre-warming knowledge base...
2026-02-14 03:30:07,834 - INFO - Initializing Pinecone vector store...
2026-02-14 03:30:09,645 - INFO - Loading HuggingFace embeddings...
2026-02-14 03:30:09,645 - ERROR - Pinecone init failed: 1 validation error for HuggingFaceEndpointEmbeddings
timeout
  Extra inputs are not permitted [type=extra_forbidden, input_value=60, input_type=int]
    For further information visit https://errors.pydantic.dev/2.11/v/extra_forbidden
2026-02-14 03:30:28,935 - INFO - Pre-warming knowledge base...
2026-02-14 03:30:29,181 - INFO - Initializing Pinecone vector store...
2026-02-14 03:30:31,203 - INFO - Loading HuggingFace embeddings...
2026-02-14 03:30:31,204 - ERROR - Pinecone init failed: 1 validation error for HuggingFaceEndpointEmbeddings
timeout
  Extra inputs are not permitted [type=extra_forbidden, input_value=60, input_type=int]
    For further information visit https://errors.pydantic.dev/2.11/v/extra_forbidden
2026-02-14 03:30:44,998 - INFO - Pre-warming knowledge base...
2026-02-14 03:30:45,252 - INFO - Initializing Pinecone vector store...
2026-02-14 03:30:47,015 - INFO - Loading HuggingFace embeddings...
2026-02-14 03:30:47,016 - ERROR - Pinecone init failed: 1 validation error for HuggingFaceEndpointEmbeddings
timeout
  Extra inputs are not permitted [type=extra_forbidden, input_value=60, input_type=int]
    For further information visit https://errors.pydantic.dev/2.11/v/extra_forbidden
2026-02-14 03:31:43,281 - INFO - Pre-warming knowledge base...
2026-02-14 03:31:43,761 - INFO - Initializing Pinecone vector store...
2026-02-14 03:31:45,815 - INFO - Loading HuggingFace embeddings...
2026-02-14 03:31:45,816 - ERROR - Pinecone init failed: 1 validation error for HuggingFaceEndpointEmbeddings
timeout
  Extra inputs are not permitted [type=extra_forbidden, input_value=60, input_type=int]
    For further information visit https://errors.pydantic.dev/2.11/v/extra_forbidden
